Microchip MPLAB XC8 Compiler V1.34 ()

Linker command line:

--edf=C:\Program Files (x86)\Microchip\xc8\v1.34\dat\en_msgs.txt -cs \
  -h+dist/default/production\PR28.X.production.sym \
  --cmf=dist/default/production\PR28.X.production.cmf -z -Q16F727 \
  -oC:\Users\TRAINE~1\AppData\Local\Temp\s4bc.6 \
  -Mdist/default/production/PR28.X.production.map -E1 -ver=XC8 \
  -ASTACK=0110h-016fh -pstack=STACK -ACODE=00h-07FFhx4 -ASTRCODE=00h-01FFFh \
  -ASTRING=00h-0FFhx32 -ACONST=00h-0FFhx32 -AENTRY=00h-0FFhx32 \
  -ACOMMON=070h-07Fh -ABANK0=020h-06Fh -ABANK1=0A0h-0EFh \
  -ABANK2=0110h-016Fh -ABANK3=0190h-01EFh \
  -ARAM=020h-06Fh,0A0h-0EFh,0110h-016Fh,0190h-01EFh \
  -AABS1=020h-07Fh,0A0h-0EFh,0110h-016Fh,0190h-01EFh -ASFR0=00h-01Fh \
  -ASFR1=080h-09Fh -ASFR2=0100h-010Fh -ASFR3=0180h-018Fh \
  -preset_vec=00h,intentry=04h,init,end_init -ppowerup=CODE -pcinit=CODE \
  -pfunctab=CODE -ACONFIG=02007h-02008h -pconfig=CONFIG -DCONFIG=2 \
  -AIDLOC=02000h-02003h -pidloc=IDLOC -DIDLOC=2 -DCODE=2 -DSTRCODE=2 \
  -DSTRING=2 -DCONST=2 -DENTRY=2 -k \
  C:\Users\TRAINE~1\AppData\Local\Temp\s4bc.obj \
  dist/default/production\PR28.X.production.obj 

Object code version is 3.11

Machine type is 16F727



                Name                               Link     Load   Length Selector   Space Scale
C:\Users\TRAINE~1\AppData\Local\Temp\s4bc.obj
                end_init                             12       12        3        8       0
                reset_vec                             0        0        3        0       0
                config                             2007     2007        2     400E       0
dist/default/production\PR28.X.production.obj
                cinit                                15       15       15        8       0
                intentry                              4        4        E        8       0
                text31                             14C4     14C4       59     2988       0
                text30                             135F     135F        9     26BE       0
                text29                              9D2      9D2      10B     13A4       0
                text28                             13F9     13F9       18     27F2       0
                text27                             137C     137C       13     26F8       0
                text26                             176B     176B       95     2ED6       0
                text25                             1581     1581       76     2B02       0
                text24                             15F7     15F7       76     2BEE       0
                text23                             166D     166D       76     2CDA       0
                text22                             142B     142B       1E     2856       0
                text21                              ADD      ADD      120     15BA       0
                text20                             148B     148B       39     2916       0
                text19                             1368     1368        9     26D0       0
                text18                              8D9      8D9       25     11B2       0
                text17                              BFD      BFD      127     17FA       0
                text16                              54E      54E      2A2        8       0
                text15                              8FE      8FE       D4     11FC       0
                text14                               2A       2A      524        8       0
                text13                             16E3     16E3       88     2DC6       0
                text12                              D24      D24      139     1A48       0
                text11                             1371     1371        B     26E2       0
                text10                              7F0      7F0        B        8       0
                text9                              138F     138F       14     271E       0
                text8                              151D     151D       64     2A3A       0
                text7                              1449     1449       1F     2892       0
                text6                              13CB     13CB       17     2796       0
                text5                              13A3     13A3       14     2746       0
                text4                              1411     1411       1A     2822       0
                text3                              13B7     13B7       14     276E       0
                text2                              13E2     13E2       17     27C4       0
                text1                              1468     1468       23     28D0       0
                maintext                            E5D      E5D      1A3     1CBA       0
                cstackBANK0                          52       52       14       20       1
                cstackCOMMON                         70       70        C       70       1
                clrtext                            1357     1357        8     26AE       0
                bssBANK1                             A0       A0       12       A0       1
                bssBANK0                             20       20       32       20       1
                bssCOMMON                            7C       7C        2       70       1
                strings                             800      800       D9     1000       0

TOTAL           Name                               Link     Load   Length     Space
        CLASS   STACK          

        CLASS   CODE           
                end_init                             12       12        3         0
                cinit                                15       15       15         0
                intentry                              4        4        E         0
                reset_vec                             0        0        3         0
                text31                             14C4     14C4       59         0
                text30                             135F     135F        9         0
                text29                              9D2      9D2      10B         0
                text28                             13F9     13F9       18         0
                text27                             137C     137C       13         0
                text26                             176B     176B       95         0
                text25                             1581     1581       76         0
                text24                             15F7     15F7       76         0
                text23                             166D     166D       76         0
                text22                             142B     142B       1E         0
                text21                              ADD      ADD      120         0
                text20                             148B     148B       39         0
                text19                             1368     1368        9         0
                text18                              8D9      8D9       25         0
                text17                              BFD      BFD      127         0
                text16                              54E      54E      2A2         0
                text15                              8FE      8FE       D4         0
                text14                               2A       2A      524         0
                text13                             16E3     16E3       88         0
                text12                              D24      D24      139         0
                text11                             1371     1371        B         0
                text10                              7F0      7F0        B         0
                text9                              138F     138F       14         0
                text8                              151D     151D       64         0
                text7                              1449     1449       1F         0
                text6                              13CB     13CB       17         0
                text5                              13A3     13A3       14         0
                text4                              1411     1411       1A         0
                text3                              13B7     13B7       14         0
                text2                              13E2     13E2       17         0
                text1                              1468     1468       23         0
                maintext                            E5D      E5D      1A3         0
                clrtext                            1357     1357        8         0

        CLASS   STRCODE        

        CLASS   STRING         
                strings                             800      800       D9         0

        CLASS   CONST          

        CLASS   ENTRY          

        CLASS   COMMON         
                cstackCOMMON                         70       70        C         1
                bssCOMMON                            7C       7C        2         1

        CLASS   BANK0          
                cstackBANK0                          52       52       14         1
                bssBANK0                             20       20       32         1

        CLASS   BANK1          
                bssBANK1                             A0       A0       12         1

        CLASS   BANK2          

        CLASS   BANK3          

        CLASS   RAM            

        CLASS   ABS1           
                abs_s1                               7E       7E        2         1

        CLASS   SFR0           

        CLASS   SFR1           

        CLASS   SFR2           

        CLASS   SFR3           

        CLASS   CONFIG         
                config                             2007     2007        2         0

        CLASS   IDLOC          

        CLASS   EEDATA         



SEGMENTS        Name                           Load    Length   Top    Selector   Space  Class     Delta

                reset_vec                      000000  000003  000003         0       0  CODE        2
                intentry                       000004  0007F7  0007FB         8       0  CODE        2
                bssBANK0                       000020  000046  000066        20       1  BANK0       1
                cstackCOMMON                   000070  00000E  00007E        70       1  COMMON      1
                bssBANK1                       0000A0  000012  0000B2        A0       1  BANK1       1
                strings                        000800  0000D9  0008D9      1000       0  STRING      2
                text18                         0008D9  000025  0008FE      11B2       0  CODE        2
                text15                         0008FE  0000D4  0009D2      11FC       0  CODE        2
                text29                         0009D2  00010B  000ADD      13A4       0  CODE        2
                text21                         000ADD  000120  000BFD      15BA       0  CODE        2
                text17                         000BFD  000127  000D24      17FA       0  CODE        2
                text12                         000D24  000139  000E5D      1A48       0  CODE        2
                maintext                       000E5D  0001A3  001000      1CBA       0  CODE        2
                clrtext                        001357  000008  00135F      26AE       0  CODE        2
                text30                         00135F  000009  001368      26BE       0  CODE        2
                text19                         001368  000009  001371      26D0       0  CODE        2
                text11                         001371  00000B  00137C      26E2       0  CODE        2
                text27                         00137C  000013  00138F      26F8       0  CODE        2
                text9                          00138F  000014  0013A3      271E       0  CODE        2
                text5                          0013A3  000014  0013B7      2746       0  CODE        2
                text3                          0013B7  000014  0013CB      276E       0  CODE        2
                text6                          0013CB  000017  0013E2      2796       0  CODE        2
                text2                          0013E2  000017  0013F9      27C4       0  CODE        2
                text28                         0013F9  000018  001411      27F2       0  CODE        2
                text4                          001411  00001A  00142B      2822       0  CODE        2
                text22                         00142B  00001E  001449      2856       0  CODE        2
                text7                          001449  00001F  001468      2892       0  CODE        2
                text1                          001468  000023  00148B      28D0       0  CODE        2
                text20                         00148B  000039  0014C4      2916       0  CODE        2
                text31                         0014C4  000059  00151D      2988       0  CODE        2
                text8                          00151D  000064  001581      2A3A       0  CODE        2
                text25                         001581  000076  0015F7      2B02       0  CODE        2
                text24                         0015F7  000076  00166D      2BEE       0  CODE        2
                text23                         00166D  000076  0016E3      2CDA       0  CODE        2
                text13                         0016E3  000088  00176B      2DC6       0  CODE        2
                text26                         00176B  000095  001800      2ED6       0  CODE        2
                config                         002007  000002  002009      400E       0  CONFIG      2


UNUSED ADDRESS RANGES

        Name                Unused          Largest block    Delta
        BANK0            0066-006F              A           1
        BANK1            00B2-00EF             3E           1
        BANK2            0110-016F             60           1
        BANK3            0190-01EF             60           1
        CODE             0003-0003              1           2
                         07FB-07FF              5
                         1000-1356            357
                         1800-1FFF            800
        CONST            0003-0003              1           2
                         07FB-07FF              5
                         1000-1356            100
                         1800-1FFF            100
        ENTRY            0003-0003              1           2
                         07FB-07FF              5
                         1000-1356            100
                         1800-1FFF            100
        IDLOC            2000-2003              4           2
        RAM              0066-006F              A           1
                         00B2-00EF             3E
                         0110-016F             60
                         0190-01EF             60
        SFR0             0000-001F             20           1
        SFR1             0080-009F             20           1
        SFR2             0100-010F             10           1
        SFR3             0180-018F             10           1
        STACK            0110-016F             60           1
        STRCODE          0003-0003              1           2
                         07FB-07FF              5
                         1000-1356            357
                         1800-1FFF            800
        STRING           0003-0003              1           2
                         07FB-07FF              5
                         1000-1356            100
                         1800-1FFF            100

                                  Symbol Table

CapInit@i                 cstackBANK0  0059
CapInit@j                 cstackBANK0  005B
DisplayLEDs@k             cstackBANK0  0055
_ANSELA                   (abs)        0185
_ANSELB                   (abs)        0186
_ANSELD                   (abs)        0188
_ANSELE                   (abs)        0189
_Buttons                  bssBANK0     0032
_CCP1CON                  (abs)        0017
_CCPR1L                   (abs)        0015
_CPSCON0                  (abs)        0108
_CPSCON1                  (abs)        0109
_CapInit                  text26       176B
_DisplayLEDs              text14       002A
_GIE                      (abs)        005F
_GetReading               text29       09D2
_Init                     text20       148B
_OSCCON                   (abs)        0090
_PEIE                     (abs)        005E
_PIEZO                    text17       0BFD
_PIEZO_D                  text16       054E
_PIEZO_S                  text15       08FE
_PORTB                    (abs)        0006
_PORTE                    (abs)        0009
_PR2                      (abs)        0092
_RA0                      (abs)        0028
_RA1                      (abs)        0029
_RA2                      (abs)        002A
_RA3                      (abs)        002B
_RA5                      (abs)        002D
_RA6                      (abs)        002E
_RA7                      (abs)        002F
_RC0                      (abs)        0038
_RC1                      (abs)        0039
_RC3                      (abs)        003B
_RC4                      (abs)        003C
_RC5                      (abs)        003D
_RC6                      (abs)        003E
_RC7                      (abs)        003F
_RE0                      (abs)        0048
_RE1                      (abs)        0049
_RE2                      (abs)        004A
_RestartTimer1            text19       1368
_SetNextChannel           text31       14C4
_T1CON                    (abs)        0010
_T1GCON                   (abs)        008F
_T2CON                    (abs)        0012
_TMR1GIE                  (abs)        0467
_TMR1GIF                  (abs)        0067
_TMR1H                    (abs)        000F
_TMR1L                    (abs)        000E
_TMR1ON                   (abs)        0080
_TMR2                     (abs)        0011
_TMR2IE                   (abs)        0461
_TMR2IF                   (abs)        0061
_TMR2ON                   (abs)        0092
_TRISA                    (abs)        0085
_TRISB                    (abs)        0086
_TRISC                    (abs)        0087
_TRISD                    (abs)        0088
_TRISE                    (abs)        0089
__CFG_BOREN$OFF           (abs)        0000
__CFG_BORV$19             (abs)        0000
__CFG_CP$OFF              (abs)        0000
__CFG_FOSC$INTOSCIO       (abs)        0000
__CFG_MCLRE$ON            (abs)        0000
__CFG_PLLEN$ON            (abs)        0000
__CFG_PWRTE$ON            (abs)        0000
__CFG_VCAPEN$DIS          (abs)        0000
__CFG_WDTE$OFF            (abs)        0000
__Habs1                   abs1         0000
__Hbank0                  bank0        0000
__Hbank1                  bank1        0000
__Hbank2                  bank2        0000
__Hbank3                  bank3        0000
__HbssBANK0               bssBANK0     0000
__HbssBANK1               bssBANK1     0000
__HbssCOMMON              bssCOMMON    0000
__Hcinit                  cinit        002A
__Hclrtext                clrtext      0000
__Hcode                   code         0000
__Hcommon                 common       0000
__Hconfig                 config       2009
__HcstackBANK0            cstackBANK0  0000
__HcstackCOMMON           cstackCOMMON 0000
__Heeprom_data            eeprom_data  0000
__Hend_init               end_init     0015
__Hfunctab                functab      0000
__Hidloc                  idloc        0000
__Hinit                   init         0012
__Hintentry               intentry     0012
__Hmaintext               maintext     0000
__Hpowerup                powerup      0000
__Hram                    ram          0000
__Hreset_vec              reset_vec    0003
__Hsfr0                   sfr0         0000
__Hsfr1                   sfr1         0000
__Hsfr2                   sfr2         0000
__Hsfr3                   sfr3         0000
__Hspace_0                (abs)        2009
__Hspace_1                (abs)        00B2
__Hspace_2                (abs)        0000
__Hspace_3                (abs)        0000
__Hstack                  stack        0000
__Hstrings                strings      0000
__Htext                   text         0000
__Labs1                   abs1         0000
__Lbank0                  bank0        0000
__Lbank1                  bank1        0000
__Lbank2                  bank2        0000
__Lbank3                  bank3        0000
__LbssBANK0               bssBANK0     0000
__LbssBANK1               bssBANK1     0000
__LbssCOMMON              bssCOMMON    0000
__Lcinit                  cinit        0015
__Lclrtext                clrtext      0000
__Lcode                   code         0000
__Lcommon                 common       0000
__Lconfig                 config       2007
__LcstackBANK0            cstackBANK0  0000
__LcstackCOMMON           cstackCOMMON 0000
__Leeprom_data            eeprom_data  0000
__Lend_init               end_init     0012
__Lfunctab                functab      0000
__Lidloc                  idloc        0000
__Linit                   init         0012
__Lintentry               intentry     0004
__Lmaintext               maintext     0000
__Lpowerup                powerup      0000
__Lram                    ram          0000
__Lreset_vec              reset_vec    0000
__Lsfr0                   sfr0         0000
__Lsfr1                   sfr1         0000
__Lsfr2                   sfr2         0000
__Lsfr3                   sfr3         0000
__Lspace_0                (abs)        0000
__Lspace_1                (abs)        0000
__Lspace_2                (abs)        0000
__Lspace_3                (abs)        0000
__Lstack                  stack        0000
__Lstrings                strings      0000
__Ltext                   text         0000
__S0                      (abs)        2009
__S1                      (abs)        00B2
__S2                      (abs)        0000
___bmul                   text27       137C
___bmul@multiplicand      cstackBANK0  0052
___bmul@multiplier        cstackBANK0  0055
___bmul@product           cstackBANK0  0054
___int_sp                 stack        0000
___latbits                (abs)        0002
___sp                     stack        0000
__end_of_CapInit          text26       1800
__end_of_DisplayLEDs      text14       054E
__end_of_GetReading       text29       0ADD
__end_of_Init             text20       14C4
__end_of_PIEZO            text17       0D24
__end_of_PIEZO_D          text16       07F0
__end_of_PIEZO_S          text15       09D2
__end_of_RestartTimer1    text19       1371
__end_of_SetNextChannel   text31       151D
__end_of___bmul           text27       138F
__end_of__initialization  cinit        0026
__end_of__stringtab       strings      0806
__end_of_checkflag        text9        13A3
__end_of_checkstatus      text12       0E5D
__end_of_delay            text18       08FE
__end_of_draw             text8        1581
__end_of_e_pulse          text7        1468
__end_of_isr              text28       1411
__end_of_lcd_clr          text5        13B7
__end_of_lcd_goto         text4        142B
__end_of_lcd_shift        text3        13CB
__end_of_led_display1     text25       15F7
__end_of_led_display2     text24       166D
__end_of_led_display3     text23       16E3
__end_of_led_off          text22       1449
__end_of_main             maintext     1000
__end_of_player_1         text11       137C
__end_of_player_2         text10       07FB
__end_of_send_char        text2        13F9
__end_of_send_config      text6        13E2
__end_of_send_string      text1        148B
__end_of_store            text13       176B
__end_of_winlose          text21       0BFD
__end_ofi1_RestartTimer1  text30       1368
__initialization          cinit        0015
__pbssBANK0               bssBANK0     0020
__pbssBANK1               bssBANK1     00A0
__pbssCOMMON              bssCOMMON    007C
__pcstackBANK0            cstackBANK0  0052
__pcstackCOMMON           cstackCOMMON 0070
__pintentry               intentry     0004
__pmaintext               maintext     0E5D
__pstrings                strings      0800
__ptext1                  text1        1468
__ptext10                 text10       07F0
__ptext11                 text11       1371
__ptext12                 text12       0D24
__ptext13                 text13       16E3
__ptext14                 text14       002A
__ptext15                 text15       08FE
__ptext16                 text16       054E
__ptext17                 text17       0BFD
__ptext18                 text18       08D9
__ptext19                 text19       1368
__ptext2                  text2        13E2
__ptext20                 text20       148B
__ptext21                 text21       0ADD
__ptext22                 text22       142B
__ptext23                 text23       166D
__ptext24                 text24       15F7
__ptext25                 text25       1581
__ptext26                 text26       176B
__ptext27                 text27       137C
__ptext28                 text28       13F9
__ptext29                 text29       09D2
__ptext3                  text3        13B7
__ptext30                 text30       135F
__ptext31                 text31       14C4
__ptext4                  text4        1411
__ptext5                  text5        13A3
__ptext6                  text6        13CB
__ptext7                  text7        1449
__ptext8                  text8        151D
__ptext9                  text9        138F
__size_of_CapInit         (abs)        0000
__size_of_DisplayLEDs     (abs)        0000
__size_of_GetReading      (abs)        0000
__size_of_Init            (abs)        0000
__size_of_PIEZO           (abs)        0000
__size_of_PIEZO_D         (abs)        0000
__size_of_PIEZO_S         (abs)        0000
__size_of_RestartTimer1   (abs)        0000
__size_of_SetNextChannel  (abs)        0000
__size_of___bmul          (abs)        0000
__size_of_checkflag       (abs)        0000
__size_of_checkstatus     (abs)        0000
__size_of_delay           (abs)        0000
__size_of_draw            (abs)        0000
__size_of_e_pulse         (abs)        0000
__size_of_isr             (abs)        0000
__size_of_lcd_clr         (abs)        0000
__size_of_lcd_goto        (abs)        0000
__size_of_lcd_shift       (abs)        0000
__size_of_led_display1    (abs)        0000
__size_of_led_display2    (abs)        0000
__size_of_led_display3    (abs)        0000
__size_of_led_off         (abs)        0000
__size_of_main            (abs)        0000
__size_of_player_1        (abs)        0000
__size_of_player_2        (abs)        0000
__size_of_send_char       (abs)        0000
__size_of_send_config     (abs)        0000
__size_of_send_string     (abs)        0000
__size_of_store           (abs)        0000
__size_of_winlose         (abs)        0000
__size_ofi1_RestartTimer1 (abs)        0000
__stringbase              strings      0805
__stringtab               strings      0800
_average                  bssBANK0     0020
_bigval                   bssCOMMON    007C
_checkflag                text9        138F
_checkstatus              text12       0D24
_data                     bssBANK0     004E
_delay                    text18       08D9
_draw                     text8        151D
_e_pulse                  text7        1449
_flag                     bssBANK0     004F
_index                    bssBANK0     0050
_isr                      text28       13F9
_lcd_clr                  text5        13A3
_lcd_goto                 text4        1411
_lcd_shift                text3        13B7
_led_display1             text25       1581
_led_display2             text24       15F7
_led_display3             text23       166D
_led_off                  text22       142B
_main                     maintext     0E5D
_matrix                   bssBANK0     003B
_player_1                 text11       1371
_player_2                 text10       07F0
_reading                  bssBANK1     00A0
_result                   bssBANK0     0051
_result1                  bssBANK0     0044
_send_char                text2        13E2
_send_config              text6        13CB
_send_string              text1        1468
_smallavg                 bssBANK0     0047
_store                    text13       16E3
_threshold                bssBANK0     0049
_threshold4               bssBANK0     004B
_winlose                  text21       0ADD
btemp                     (abs)        007E
clear_ram0                clrtext      1357
delay@data                cstackBANK0  0052
end_of_initialization     cinit        0026
i1_RestartTimer1          text30       135F
interrupt_function        intentry     0004
intlevel0                 functab      0000
intlevel1                 functab      0000
intlevel2                 functab      0000
intlevel3                 functab      0000
intlevel4                 functab      0000
intlevel5                 functab      0000
lcd_goto@data             cstackBANK0  005C
led_display1@value1       cstackBANK0  0053
led_display2@value2       cstackBANK0  0053
led_display3@value3       cstackBANK0  0053
ltemp                     (abs)        007E
ltemp0                    (abs)        007E
ltemp1                    (abs)        0082
ltemp2                    (abs)        0086
ltemp3                    (abs)        0080
main@i                    cstackBANK0  0064
reset_vec                 reset_vec    0000
saved_w                   (abs)        007E
send_char@data            cstackBANK0  005A
send_config@data          cstackBANK0  005A
send_string@s             cstackBANK0  005C
stackhi                   (abs)        0000
stacklo                   (abs)        0000
start                     init         0012
start_initialization      cinit        0015
ttemp                     (abs)        007E
ttemp0                    (abs)        007E
ttemp1                    (abs)        0081
ttemp2                    (abs)        0084
ttemp3                    (abs)        0087
ttemp4                    (abs)        007F
winlose@flag_w            cstackBANK0  005B
winlose@i_279             cstackBANK0  0060
winlose@i_280             cstackBANK0  005C
winlose@j_281             cstackBANK0  005E
winlose@status            cstackBANK0  0059
wtemp                     (abs)        007E
wtemp0                    (abs)        007E
wtemp1                    (abs)        0080
wtemp2                    (abs)        0082
wtemp3                    (abs)        0084
wtemp4                    (abs)        0086
wtemp5                    (abs)        0088
wtemp6                    (abs)        007F


FUNCTION INFORMATION:

 *************** function _main *****************
 Defined at:
		line 86 in file "../../Source file/PR28.c"
 Parameters:    Size  Location     Type
		None
 Auto vars:     Size  Location     Type
  i               2   18[BANK0 ] int 
 Return value:  Size  Location     Type
		None               void
 Registers used:
		wreg, fsr0l, fsr0h, status,2, status,0, btemp+1, pclath, cstack
 Tracked objects:
		On entry : 
		On exit  : 
		Unchanged: 
 Data sizes:     COMMON   BANK0   BANK1   BANK3   BANK2
      Params:         0       0       0       0       0
      Locals:         0       2       0       0       0
      Temps:          0       1       0       0       0
      Totals:         0       3       0       0       0
Total ram usage:        3 bytes
 Hardware stack levels required when called:    8
 This function calls:
		_Init
		_PIEZO
		_PIEZO_D
		_PIEZO_S
		_checkflag
		_delay
		_draw
		_lcd_clr
		_lcd_goto
		_lcd_shift
		_send_config
		_send_string
		_winlose
 This function is called by:
		Startup code after reset
 This function uses a non-reentrant model


 *************** function _send_string *****************
 Defined at:
		line 904 in file "../../Source file/PR28.c"
 Parameters:    Size  Location     Type
  s               1    wreg     PTR const unsigned char 
		 -> STR_14(11), STR_13(17), STR_12(17), STR_11(17), 
		 -> STR_10(17), STR_9(17), STR_8(16), STR_7(16), 
		 -> STR_6(6), STR_5(16), STR_4(17), STR_3(15), 
		 -> STR_2(32), STR_1(31), 
 Auto vars:     Size  Location     Type
  s               1   10[BANK0 ] PTR const unsigned char 
		 -> STR_14(11), STR_13(17), STR_12(17), STR_11(17), 
		 -> STR_10(17), STR_9(17), STR_8(16), STR_7(16), 
		 -> STR_6(6), STR_5(16), STR_4(17), STR_3(15), 
		 -> STR_2(32), STR_1(31), 
 Return value:  Size  Location     Type
		None               void
 Registers used:
		wreg, fsr0l, fsr0h, status,2, status,0, pclath, cstack
 Tracked objects:
		On entry : 
		On exit  : 
		Unchanged: 
 Data sizes:     COMMON   BANK0   BANK1   BANK3   BANK2
      Params:         0       0       0       0       0
      Locals:         0       1       0       0       0
      Temps:          0       1       0       0       0
      Totals:         0       2       0       0       0
Total ram usage:        2 bytes
 Hardware stack levels used:    1
 Hardware stack levels required when called:    6
 This function calls:
		_send_char
 This function is called by:
		_main
 This function uses a non-reentrant model


 *************** function _send_char *****************
 Defined at:
		line 843 in file "../../Source file/PR28.c"
 Parameters:    Size  Location     Type
  data            1    wreg     unsigned char 
 Auto vars:     Size  Location     Type
  data            1    8[BANK0 ] unsigned char 
 Return value:  Size  Location     Type
		None               void
 Registers used:
		wreg, status,2, status,0, pclath, cstack
 Tracked objects:
		On entry : 
		On exit  : 
		Unchanged: 
 Data sizes:     COMMON   BANK0   BANK1   BANK3   BANK2
      Params:         0       0       0       0       0
      Locals:         0       1       0       0       0
      Temps:          0       0       0       0       0
      Totals:         0       1       0       0       0
Total ram usage:        1 bytes
 Hardware stack levels used:    1
 Hardware stack levels required when called:    5
 This function calls:
		_delay
		_e_pulse
 This function is called by:
		_send_string
 This function uses a non-reentrant model


 *************** function _lcd_shift *****************
 Defined at:
		line 884 in file "../../Source file/PR28.c"
 Parameters:    Size  Location     Type
		None
 Auto vars:     Size  Location     Type
		None
 Return value:  Size  Location     Type
		None               void
 Registers used:
		wreg, status,2, status,0, pclath, cstack
 Tracked objects:
		On entry : 
		On exit  : 
		Unchanged: 
 Data sizes:     COMMON   BANK0   BANK1   BANK3   BANK2
      Params:         0       0       0       0       0
      Locals:         0       0       0       0       0
      Temps:          0       0       0       0       0
      Totals:         0       0       0       0       0
Total ram usage:        0 bytes
 Hardware stack levels used:    1
 Hardware stack levels required when called:    6
 This function calls:
		_delay
		_send_config
 This function is called by:
		_main
 This function uses a non-reentrant model


 *************** function _lcd_goto *****************
 Defined at:
		line 867 in file "../../Source file/PR28.c"
 Parameters:    Size  Location     Type
  data            1    wreg     unsigned char 
 Auto vars:     Size  Location     Type
  data            1   10[BANK0 ] unsigned char 
 Return value:  Size  Location     Type
		None               void
 Registers used:
		wreg, status,2, status,0, pclath, cstack
 Tracked objects:
		On entry : 
		On exit  : 
		Unchanged: 
 Data sizes:     COMMON   BANK0   BANK1   BANK3   BANK2
      Params:         0       0       0       0       0
      Locals:         0       1       0       0       0
      Temps:          0       1       0       0       0
      Totals:         0       2       0       0       0
Total ram usage:        2 bytes
 Hardware stack levels used:    1
 Hardware stack levels required when called:    6
 This function calls:
		_send_config
 This function is called by:
		_main
 This function uses a non-reentrant model


 *************** function _lcd_clr *****************
 Defined at:
		line 894 in file "../../Source file/PR28.c"
 Parameters:    Size  Location     Type
		None
 Auto vars:     Size  Location     Type
		None
 Return value:  Size  Location     Type
		None               void
 Registers used:
		wreg, status,2, status,0, pclath, cstack
 Tracked objects:
		On entry : 
		On exit  : 
		Unchanged: 
 Data sizes:     COMMON   BANK0   BANK1   BANK3   BANK2
      Params:         0       0       0       0       0
      Locals:         0       0       0       0       0
      Temps:          0       0       0       0       0
      Totals:         0       0       0       0       0
Total ram usage:        0 bytes
 Hardware stack levels used:    1
 Hardware stack levels required when called:    6
 This function calls:
		_delay
		_send_config
 This function is called by:
		_main
 This function uses a non-reentrant model


 *************** function _send_config *****************
 Defined at:
		line 831 in file "../../Source file/PR28.c"
 Parameters:    Size  Location     Type
  data            1    wreg     unsigned char 
 Auto vars:     Size  Location     Type
  data            1    8[BANK0 ] unsigned char 
 Return value:  Size  Location     Type
		None               void
 Registers used:
		wreg, status,2, status,0, pclath, cstack
 Tracked objects:
		On entry : 
		On exit  : 
		Unchanged: 
 Data sizes:     COMMON   BANK0   BANK1   BANK3   BANK2
      Params:         0       0       0       0       0
      Locals:         0       1       0       0       0
      Temps:          0       0       0       0       0
      Totals:         0       1       0       0       0
Total ram usage:        1 bytes
 Hardware stack levels used:    1
 Hardware stack levels required when called:    5
 This function calls:
		_delay
		_e_pulse
 This function is called by:
		_main
		_lcd_goto
		_lcd_shift
		_lcd_clr
 This function uses a non-reentrant model


 *************** function _e_pulse *****************
 Defined at:
		line 855 in file "../../Source file/PR28.c"
 Parameters:    Size  Location     Type
		None
 Auto vars:     Size  Location     Type
		None
 Return value:  Size  Location     Type
		None               void
 Registers used:
		wreg, status,2, status,0, pclath, cstack
 Tracked objects:
		On entry : 
		On exit  : 
		Unchanged: 
 Data sizes:     COMMON   BANK0   BANK1   BANK3   BANK2
      Params:         0       0       0       0       0
      Locals:         0       0       0       0       0
      Temps:          0       0       0       0       0
      Totals:         0       0       0       0       0
Total ram usage:        0 bytes
 Hardware stack levels used:    1
 Hardware stack levels required when called:    4
 This function calls:
		_delay
 This function is called by:
		_send_config
		_send_char
 This function uses a non-reentrant model


 *************** function _draw *****************
 Defined at:
		line 915 in file "../../Source file/PR28.c"
 Parameters:    Size  Location     Type
		None
 Auto vars:     Size  Location     Type
		None
 Return value:  Size  Location     Type
		None               void
 Registers used:
		wreg, status,2, status,0, pclath, cstack
 Tracked objects:
		On entry : 
		On exit  : 
		Unchanged: 
 Data sizes:     COMMON   BANK0   BANK1   BANK3   BANK2
      Params:         0       0       0       0       0
      Locals:         0       0       0       0       0
      Temps:          0       1       0       0       0
      Totals:         0       1       0       0       0
Total ram usage:        1 bytes
 Hardware stack levels used:    1
 Hardware stack levels required when called:    5
 This function calls:
		_delay
		_led_display1
		_led_display2
		_led_display3
		_led_off
 This function is called by:
		_main
 This function uses a non-reentrant model


 *************** function _checkflag *****************
 Defined at:
		line 291 in file "../../Source file/PR28.c"
 Parameters:    Size  Location     Type
		None
 Auto vars:     Size  Location     Type
		None
 Return value:  Size  Location     Type
		None               void
 Registers used:
		wreg, fsr0l, fsr0h, status,2, status,0, btemp+1, pclath, cstack
 Tracked objects:
		On entry : 
		On exit  : 
		Unchanged: 
 Data sizes:     COMMON   BANK0   BANK1   BANK3   BANK2
      Params:         0       0       0       0       0
      Locals:         0       0       0       0       0
      Temps:          0       0       0       0       0
      Totals:         0       0       0       0       0
Total ram usage:        0 bytes
 Hardware stack levels used:    1
 Hardware stack levels required when called:    7
 This function calls:
		_player_1
		_player_2
 This function is called by:
		_main
 This function uses a non-reentrant model


 *************** function _player_2 *****************
 Defined at:
		line 318 in file "../../Source file/PR28.c"
 Parameters:    Size  Location     Type
		None
 Auto vars:     Size  Location     Type
		None
 Return value:  Size  Location     Type
		None               void
 Registers used:
		wreg, fsr0l, fsr0h, status,2, status,0, btemp+1, pclath, cstack
 Tracked objects:
		On entry : 
		On exit  : 
		Unchanged: 
 Data sizes:     COMMON   BANK0   BANK1   BANK3   BANK2
      Params:         0       0       0       0       0
      Locals:         0       0       0       0       0
      Temps:          0       0       0       0       0
      Totals:         0       0       0       0       0
Total ram usage:        0 bytes
 Hardware stack levels used:    1
 Hardware stack levels required when called:    6
 This function calls:
		_checkstatus
 This function is called by:
		_checkflag
 This function uses a non-reentrant model


 *************** function _player_1 *****************
 Defined at:
		line 305 in file "../../Source file/PR28.c"
 Parameters:    Size  Location     Type
		None
 Auto vars:     Size  Location     Type
		None
 Return value:  Size  Location     Type
		None               void
 Registers used:
		wreg, fsr0l, fsr0h, status,2, status,0, btemp+1, pclath, cstack
 Tracked objects:
		On entry : 
		On exit  : 
		Unchanged: 
 Data sizes:     COMMON   BANK0   BANK1   BANK3   BANK2
      Params:         0       0       0       0       0
      Locals:         0       0       0       0       0
      Temps:          0       0       0       0       0
      Totals:         0       0       0       0       0
Total ram usage:        0 bytes
 Hardware stack levels used:    1
 Hardware stack levels required when called:    6
 This function calls:
		_checkstatus
 This function is called by:
		_checkflag
 This function uses a non-reentrant model


 *************** function _checkstatus *****************
 Defined at:
		line 363 in file "../../Source file/PR28.c"
 Parameters:    Size  Location     Type
		None
 Auto vars:     Size  Location     Type
		None
 Return value:  Size  Location     Type
		None               void
 Registers used:
		wreg, fsr0l, fsr0h, status,2, status,0, btemp+1, pclath, cstack
 Tracked objects:
		On entry : 
		On exit  : 
		Unchanged: 
 Data sizes:     COMMON   BANK0   BANK1   BANK3   BANK2
      Params:         0       0       0       0       0
      Locals:         0       0       0       0       0
      Temps:          0       0       0       0       0
      Totals:         0       0       0       0       0
Total ram usage:        0 bytes
 Hardware stack levels used:    1
 Hardware stack levels required when called:    5
 This function calls:
		_DisplayLEDs
		_store
 This function is called by:
		_player_1
		_player_2
 This function uses a non-reentrant model


 *************** function _store *****************
 Defined at:
		line 331 in file "../../Source file/PR28.c"
 Parameters:    Size  Location     Type
		None
 Auto vars:     Size  Location     Type
		None
 Return value:  Size  Location     Type
		None               void
 Registers used:
		wreg, status,2, status,0
 Tracked objects:
		On entry : 
		On exit  : 
		Unchanged: 
 Data sizes:     COMMON   BANK0   BANK1   BANK3   BANK2
      Params:         0       0       0       0       0
      Locals:         0       0       0       0       0
      Temps:          0       1       0       0       0
      Totals:         0       1       0       0       0
Total ram usage:        1 bytes
 Hardware stack levels used:    1
 Hardware stack levels required when called:    3
 This function calls:
		Nothing
 This function is called by:
		_checkstatus
 This function uses a non-reentrant model


 *************** function _DisplayLEDs *****************
 Defined at:
		line 591 in file "../../Source file/PR28.c"
 Parameters:    Size  Location     Type
		None
 Auto vars:     Size  Location     Type
  k               2    3[BANK0 ] int 
 Return value:  Size  Location     Type
		None               void
 Registers used:
		wreg, fsr0l, fsr0h, status,2, status,0, btemp+1, pclath, cstack
 Tracked objects:
		On entry : 
		On exit  : 
		Unchanged: 
 Data sizes:     COMMON   BANK0   BANK1   BANK3   BANK2
      Params:         0       0       0       0       0
      Locals:         0       2       0       0       0
      Temps:          0       1       0       0       0
      Totals:         0       3       0       0       0
Total ram usage:        3 bytes
 Hardware stack levels used:    1
 Hardware stack levels required when called:    4
 This function calls:
		_led_display1
		_led_display2
		_led_display3
 This function is called by:
		_checkstatus
 This function uses a non-reentrant model


 *************** function _PIEZO_S *****************
 Defined at:
		line 1129 in file "../../Source file/PR28.c"
 Parameters:    Size  Location     Type
		None
 Auto vars:     Size  Location     Type
		None
 Return value:  Size  Location     Type
		None               void
 Registers used:
		wreg, status,2, status,0, pclath, cstack
 Tracked objects:
		On entry : 
		On exit  : 
		Unchanged: 
 Data sizes:     COMMON   BANK0   BANK1   BANK3   BANK2
      Params:         0       0       0       0       0
      Locals:         0       0       0       0       0
      Temps:          0       0       0       0       0
      Totals:         0       0       0       0       0
Total ram usage:        0 bytes
 Hardware stack levels used:    1
 Hardware stack levels required when called:    4
 This function calls:
		_RestartTimer1
		_delay
 This function is called by:
		_main
 This function uses a non-reentrant model


 *************** function _PIEZO_D *****************
 Defined at:
		line 1011 in file "../../Source file/PR28.c"
 Parameters:    Size  Location     Type
		None
 Auto vars:     Size  Location     Type
		None
 Return value:  Size  Location     Type
		None               void
 Registers used:
		wreg, status,2, status,0, pclath, cstack
 Tracked objects:
		On entry : 
		On exit  : 
		Unchanged: 
 Data sizes:     COMMON   BANK0   BANK1   BANK3   BANK2
      Params:         0       0       0       0       0
      Locals:         0       0       0       0       0
      Temps:          0       0       0       0       0
      Totals:         0       0       0       0       0
Total ram usage:        0 bytes
 Hardware stack levels used:    1
 Hardware stack levels required when called:    4
 This function calls:
		_RestartTimer1
		_delay
 This function is called by:
		_main
 This function uses a non-reentrant model


 *************** function _PIEZO *****************
 Defined at:
		line 946 in file "../../Source file/PR28.c"
 Parameters:    Size  Location     Type
		None
 Auto vars:     Size  Location     Type
		None
 Return value:  Size  Location     Type
		None               void
 Registers used:
		wreg, status,2, status,0, pclath, cstack
 Tracked objects:
		On entry : 
		On exit  : 
		Unchanged: 
 Data sizes:     COMMON   BANK0   BANK1   BANK3   BANK2
      Params:         0       0       0       0       0
      Locals:         0       0       0       0       0
      Temps:          0       0       0       0       0
      Totals:         0       0       0       0       0
Total ram usage:        0 bytes
 Hardware stack levels used:    1
 Hardware stack levels required when called:    4
 This function calls:
		_RestartTimer1
		_delay
 This function is called by:
		_main
 This function uses a non-reentrant model


 *************** function _delay *****************
 Defined at:
		line 822 in file "../../Source file/PR28.c"
 Parameters:    Size  Location     Type
  data            4    0[BANK0 ] unsigned long 
 Auto vars:     Size  Location     Type
		None
 Return value:  Size  Location     Type
		None               void
 Registers used:
		wreg
 Tracked objects:
		On entry : 
		On exit  : 
		Unchanged: 
 Data sizes:     COMMON   BANK0   BANK1   BANK3   BANK2
      Params:         0       4       0       0       0
      Locals:         0       0       0       0       0
      Temps:          0       4       0       0       0
      Totals:         0       8       0       0       0
Total ram usage:        8 bytes
 Hardware stack levels used:    1
 Hardware stack levels required when called:    3
 This function calls:
		Nothing
 This function is called by:
		_main
		_send_config
		_send_char
		_e_pulse
		_lcd_shift
		_lcd_clr
		_draw
		_PIEZO
		_PIEZO_D
		_PIEZO_S
 This function uses a non-reentrant model


 *************** function _RestartTimer1 *****************
 Defined at:
		line 544 in file "../../Source file/PR28.c"
 Parameters:    Size  Location     Type
		None
 Auto vars:     Size  Location     Type
		None
 Return value:  Size  Location     Type
		None               void
 Registers used:
		status,2
 Tracked objects:
		On entry : 
		On exit  : 
		Unchanged: 
 Data sizes:     COMMON   BANK0   BANK1   BANK3   BANK2
      Params:         0       0       0       0       0
      Locals:         0       0       0       0       0
      Temps:          0       0       0       0       0
      Totals:         0       0       0       0       0
Total ram usage:        0 bytes
 Hardware stack levels used:    1
 Hardware stack levels required when called:    3
 This function calls:
		Nothing
 This function is called by:
		_PIEZO
		_PIEZO_D
		_PIEZO_S
 This function uses a non-reentrant model


 *************** function _Init *****************
 Defined at:
		line 177 in file "../../Source file/PR28.c"
 Parameters:    Size  Location     Type
		None
 Auto vars:     Size  Location     Type
		None
 Return value:  Size  Location     Type
		None               void
 Registers used:
		wreg, fsr0l, fsr0h, status,2, status,0, btemp+1, pclath, cstack
 Tracked objects:
		On entry : 
		On exit  : 
		Unchanged: 
 Data sizes:     COMMON   BANK0   BANK1   BANK3   BANK2
      Params:         0       0       0       0       0
      Locals:         0       0       0       0       0
      Temps:          0       1       0       0       0
      Totals:         0       1       0       0       0
Total ram usage:        1 bytes
 Hardware stack levels used:    1
 Hardware stack levels required when called:    5
 This function calls:
		_CapInit
		_led_off
		_winlose
 This function is called by:
		_main
 This function uses a non-reentrant model


 *************** function _winlose *****************
 Defined at:
		line 1184 in file "../../Source file/PR28.c"
 Parameters:    Size  Location     Type
		None
 Auto vars:     Size  Location     Type
  j               2   12[BANK0 ] int 
  i               2   10[BANK0 ] int 
  i               2   14[BANK0 ] int 
  status          2    7[BANK0 ] int 
  j               2    0        int 
  i               2    0        int 
  flag_w          1    9[BANK0 ] unsigned char 
 Return value:  Size  Location     Type
                  1    wreg      unsigned char 
 Registers used:
		wreg, fsr0l, fsr0h, status,2, status,0, btemp+1, pclath, cstack
 Tracked objects:
		On entry : 
		On exit  : 
		Unchanged: 
 Data sizes:     COMMON   BANK0   BANK1   BANK3   BANK2
      Params:         0       0       0       0       0
      Locals:         0       9       0       0       0
      Temps:          0       3       0       0       0
      Totals:         0      12       0       0       0
Total ram usage:       12 bytes
 Hardware stack levels used:    1
 Hardware stack levels required when called:    4
 This function calls:
		___bmul
 This function is called by:
		_main
		_Init
 This function uses a non-reentrant model


 *************** function _led_off *****************
 Defined at:
		line 932 in file "../../Source file/PR28.c"
 Parameters:    Size  Location     Type
		None
 Auto vars:     Size  Location     Type
		None
 Return value:  Size  Location     Type
		None               void
 Registers used:
		wreg, status,2, status,0, pclath, cstack
 Tracked objects:
		On entry : 
		On exit  : 
		Unchanged: 
 Data sizes:     COMMON   BANK0   BANK1   BANK3   BANK2
      Params:         0       0       0       0       0
      Locals:         0       0       0       0       0
      Temps:          0       0       0       0       0
      Totals:         0       0       0       0       0
Total ram usage:        0 bytes
 Hardware stack levels used:    1
 Hardware stack levels required when called:    4
 This function calls:
		_led_display1
		_led_display2
		_led_display3
 This function is called by:
		_Init
		_draw
 This function uses a non-reentrant model


 *************** function _led_display3 *****************
 Defined at:
		line 772 in file "../../Source file/PR28.c"
 Parameters:    Size  Location     Type
  value3          1    wreg     unsigned char 
 Auto vars:     Size  Location     Type
  value3          1    1[BANK0 ] unsigned char 
 Return value:  Size  Location     Type
		None               void
 Registers used:
		wreg, status,2, status,0
 Tracked objects:
		On entry : 
		On exit  : 
		Unchanged: 
 Data sizes:     COMMON   BANK0   BANK1   BANK3   BANK2
      Params:         0       0       0       0       0
      Locals:         0       1       0       0       0
      Temps:          0       1       0       0       0
      Totals:         0       2       0       0       0
Total ram usage:        2 bytes
 Hardware stack levels used:    1
 Hardware stack levels required when called:    3
 This function calls:
		Nothing
 This function is called by:
		_DisplayLEDs
		_draw
		_led_off
 This function uses a non-reentrant model


 *************** function _led_display2 *****************
 Defined at:
		line 722 in file "../../Source file/PR28.c"
 Parameters:    Size  Location     Type
  value2          1    wreg     unsigned char 
 Auto vars:     Size  Location     Type
  value2          1    1[BANK0 ] unsigned char 
 Return value:  Size  Location     Type
		None               void
 Registers used:
		wreg, status,2, status,0
 Tracked objects:
		On entry : 
		On exit  : 
		Unchanged: 
 Data sizes:     COMMON   BANK0   BANK1   BANK3   BANK2
      Params:         0       0       0       0       0
      Locals:         0       1       0       0       0
      Temps:          0       1       0       0       0
      Totals:         0       2       0       0       0
Total ram usage:        2 bytes
 Hardware stack levels used:    1
 Hardware stack levels required when called:    3
 This function calls:
		Nothing
 This function is called by:
		_DisplayLEDs
		_draw
		_led_off
 This function uses a non-reentrant model


 *************** function _led_display1 *****************
 Defined at:
		line 672 in file "../../Source file/PR28.c"
 Parameters:    Size  Location     Type
  value1          1    wreg     unsigned char 
 Auto vars:     Size  Location     Type
  value1          1    1[BANK0 ] unsigned char 
 Return value:  Size  Location     Type
		None               void
 Registers used:
		wreg, status,2, status,0
 Tracked objects:
		On entry : 
		On exit  : 
		Unchanged: 
 Data sizes:     COMMON   BANK0   BANK1   BANK3   BANK2
      Params:         0       0       0       0       0
      Locals:         0       1       0       0       0
      Temps:          0       1       0       0       0
      Totals:         0       2       0       0       0
Total ram usage:        2 bytes
 Hardware stack levels used:    1
 Hardware stack levels required when called:    3
 This function calls:
		Nothing
 This function is called by:
		_DisplayLEDs
		_draw
		_led_off
 This function uses a non-reentrant model


 *************** function _CapInit *****************
 Defined at:
		line 235 in file "../../Source file/PR28.c"
 Parameters:    Size  Location     Type
		None
 Auto vars:     Size  Location     Type
  j               2    9[BANK0 ] int 
  i               2    7[BANK0 ] int 
 Return value:  Size  Location     Type
		None               void
 Registers used:
		wreg, fsr0l, fsr0h, status,2, status,0, btemp+1, pclath, cstack
 Tracked objects:
		On entry : 
		On exit  : 
		Unchanged: 
 Data sizes:     COMMON   BANK0   BANK1   BANK3   BANK2
      Params:         0       0       0       0       0
      Locals:         0       4       0       0       0
      Temps:          0       3       0       0       0
      Totals:         0       7       0       0       0
Total ram usage:        7 bytes
 Hardware stack levels used:    1
 Hardware stack levels required when called:    4
 This function calls:
		___bmul
 This function is called by:
		_Init
 This function uses a non-reentrant model


 *************** function ___bmul *****************
 Defined at:
		line 4 in file "C:\Program Files (x86)\Microchip\xc8\v1.34\sources\common\Umul8.c"
 Parameters:    Size  Location     Type
  multiplier      1    wreg     unsigned char 
  multiplicand    1    0[BANK0 ] unsigned char 
 Auto vars:     Size  Location     Type
  multiplier      1    3[BANK0 ] unsigned char 
  product         1    2[BANK0 ] unsigned char 
 Return value:  Size  Location     Type
                  1    wreg      unsigned char 
 Registers used:
		wreg, status,2, status,0
 Tracked objects:
		On entry : 
		On exit  : 
		Unchanged: 
 Data sizes:     COMMON   BANK0   BANK1   BANK3   BANK2
      Params:         0       1       0       0       0
      Locals:         0       2       0       0       0
      Temps:          0       1       0       0       0
      Totals:         0       4       0       0       0
Total ram usage:        4 bytes
 Hardware stack levels used:    1
 Hardware stack levels required when called:    3
 This function calls:
		Nothing
 This function is called by:
		_CapInit
		_winlose
 This function uses a non-reentrant model


 *************** function _isr *****************
 Defined at:
		line 271 in file "../../Source file/PR28.c"
 Parameters:    Size  Location     Type
		None
 Auto vars:     Size  Location     Type
		None
 Return value:  Size  Location     Type
		None               void
 Registers used:
		wreg, fsr0l, fsr0h, status,2, status,0, btemp+1, pclath, cstack
 Tracked objects:
		On entry : 
		On exit  : 
		Unchanged: 
 Data sizes:     COMMON   BANK0   BANK1   BANK3   BANK2
      Params:         0       0       0       0       0
      Locals:         0       0       0       0       0
      Temps:          4       0       0       0       0
      Totals:         4       0       0       0       0
Total ram usage:        4 bytes
 Hardware stack levels used:    1
 Hardware stack levels required when called:    2
 This function calls:
		_GetReading
 This function is called by:
		Interrupt level 1
 This function uses a non-reentrant model


 *************** function _GetReading *****************
 Defined at:
		line 489 in file "../../Source file/PR28.c"
 Parameters:    Size  Location     Type
		None
 Auto vars:     Size  Location     Type
		None
 Return value:  Size  Location     Type
		None               void
 Registers used:
		wreg, fsr0l, fsr0h, status,2, status,0, btemp+1, pclath, cstack
 Tracked objects:
		On entry : 
		On exit  : 
		Unchanged: 
 Data sizes:     COMMON   BANK0   BANK1   BANK3   BANK2
      Params:         0       0       0       0       0
      Locals:         0       0       0       0       0
      Temps:          7       0       0       0       0
      Totals:         7       0       0       0       0
Total ram usage:        7 bytes
 Hardware stack levels used:    1
 Hardware stack levels required when called:    1
 This function calls:
		_SetNextChannel
		i1_RestartTimer1
 This function is called by:
		_isr
 This function uses a non-reentrant model


 *************** function i1_RestartTimer1 *****************
 Defined at:
		line 544 in file "../../Source file/PR28.c"
 Parameters:    Size  Location     Type
		None
 Auto vars:     Size  Location     Type
		None
 Return value:  Size  Location     Type
		None               void
 Registers used:
		status,2
 Tracked objects:
		On entry : 
		On exit  : 
		Unchanged: 
 Data sizes:     COMMON   BANK0   BANK1   BANK3   BANK2
      Params:         0       0       0       0       0
      Locals:         0       0       0       0       0
      Temps:          0       0       0       0       0
      Totals:         0       0       0       0       0
Total ram usage:        0 bytes
 Hardware stack levels used:    1
 This function calls:
		Nothing
 This function is called by:
		_GetReading
 This function uses a non-reentrant model


 *************** function _SetNextChannel *****************
 Defined at:
		line 560 in file "../../Source file/PR28.c"
 Parameters:    Size  Location     Type
		None
 Auto vars:     Size  Location     Type
		None
 Return value:  Size  Location     Type
		None               void
 Registers used:
		wreg, status,2, status,0
 Tracked objects:
		On entry : 
		On exit  : 
		Unchanged: 
 Data sizes:     COMMON   BANK0   BANK1   BANK3   BANK2
      Params:         0       0       0       0       0
      Locals:         0       0       0       0       0
      Temps:          1       0       0       0       0
      Totals:         1       0       0       0       0
Total ram usage:        1 bytes
 Hardware stack levels used:    1
 This function calls:
		Nothing
 This function is called by:
		_GetReading
 This function uses a non-reentrant model



MODULE INFORMATION

Module		Function		Class		Link	Load	Size
../../Source file/PR28.c
		_checkflag     		CODE           	138F	0000	21
		_checkstatus   		CODE           	0D24	0000	314
		_delay         		CODE           	08D9	0000	38
		_player_1      		CODE           	1371	0000	12
		_player_2      		CODE           	07F0	0000	12
		_led_off       		CODE           	142B	0000	31
		_PIEZO_D       		CODE           	054E	0000	675
		_main          		CODE           	0E5D	0000	420
		_led_display1  		CODE           	1581	0000	119
		_led_display2  		CODE           	15F7	0000	119
		_led_display3  		CODE           	166D	0000	119
		_lcd_clr       		CODE           	13A3	0000	21
		_lcd_goto      		CODE           	1411	0000	27
		_send_string   		CODE           	1468	0000	36
		_SetNextChannel		CODE           	14C4	0000	90
		_isr           		CODE           	13F9	0000	25
		_PIEZO_S       		CODE           	08FE	0000	213
		_GetReading    		CODE           	09D2	0000	268
		_send_config   		CODE           	13CB	0000	24
		_lcd_shift     		CODE           	13B7	0000	21
		_e_pulse       		CODE           	1449	0000	32
		_Init          		CODE           	148B	0000	58
		_store         		CODE           	16E3	0000	137
		_send_char     		CODE           	13E2	0000	24
		_winlose       		CODE           	0ADD	0000	289
		_PIEZO         		CODE           	0BFD	0000	296
		_CapInit       		CODE           	176B	0000	150
		_RestartTimer1 		CODE           	1368	0000	10
		_DisplayLEDs   		CODE           	002A	0000	1317
		_draw          		CODE           	151D	0000	101

../../Source file/PR28.c estimated size: 5019

shared
		__stringtab    		STRING         	0800	0000	7
		__initializatio		CODE           	0015	0000	18
		i1_RestartTimer		CODE           	135F	0000	10

shared estimated size: 35

C:\Program Files (x86)\Microchip\xc8\v1.34\sources\common\Umul8.c
		___bmul        		CODE           	137C	0000	20

C:\Program Files (x86)\Microchip\xc8\v1.34\sources\common\Umul8.c estimated size: 20

