HI-TECH Software C Compiler 

Linker command line:

--edf=C:\Program Files\HI-TECH Software\dat\en_msgs.txt -cs -h+PR 28.sym -z \
  -Q16F727 -ol.obj -MPR 28.map -E1 -ACONST=00h-0FFhx32 -ACODE=00h-07FFhx4 \
  -ASTRCODE=00h-01FFFh -AENTRY=00h-0FFhx32 -ASTRING=00h-0FFhx32 \
  -ABANK0=020h-06Fh -ABANK1=0A0h-0EFh -ABANK2=0110h-016Fh \
  -ABANK3=0190h-01EFh -ARAM=020h-06Fh,0A0h-0EFh,0110h-016Fh,0190h-01EFh \
  -AABS1=020h-07Fh,0A0h-0EFh,0110h-016Fh,0190h-01EFh -ACOMMON=070h-07Fh \
  -ASFR0=00h-01Fh -ASFR1=080h-09Fh -ASFR2=0100h-010Fh -ASFR3=0180h-018Fh \
  -preset_vec=00h,intentry=04h,init,end_init -ppowerup=CODE -pfunctab=CODE \
  -ACONFIG=02007h-02008h -pconfig=CONFIG -DCONFIG=2 -AIDLOC=02000h-02003h \
  -pidloc=IDLOC -DIDLOC=2 -DCODE=2 -DSTRCODE=2 -DSTRING=2 -DCONST=2 \
  -DENTRY=2 -k startup.obj PR 28.obj 

Object code version is 3.10

Machine type is 16F727



                Name                               Link     Load   Length Selector   Space Scale
startup.obj     end_init                             12       12        3        8       0
                reset_vec                             0        0        3        0       0
PR 28.obj       intentry                              4        4        E        8       0
                config                             2007     2007        1     400E       0
                text706_split_1                     8C8      8C8      738     1190       0
                text723                            1003     1003       76     2006       0
                text722                            1D63     1D63        9     3AC6       0
                text721                            154C     154C      153     2A98       0
                text720                            1E13     1E13       1C     3C26       0
                text719                            1EDE     1EDE       32     3DBC       0
                text718                             801      801       C7     1002       0
                text717                            1D6C     1D6C        9     3AD8       0
                text716                            1F7A     1F7A       86     3EF4       0
                text715                            1079     1079       86     20F2       0
                text714                            10FF     10FF       86     21FE       0
                text713                            1E2F     1E2F       1F     3C5E       0
                text712                            123F     123F       D6     247E       0
                text711                            169F     169F      161     2D3E       0
                text710                            1423     1423      129     2846       0
                text709                              EE       EE      2A4      1DC       0
                text708                            1E90     1E90       24     3D20       0
                text707                            1185     1185       BA     230A       0
                text706                            1315     1315      10E     262A       0
                text705                            1E4E     1E4E       21     3C9C       0
                text704                             7A7      7A7       47      1DC       0
                text703                            1DC7     1DC7       19     3B8E       0
                text702                            1F10     1F10       6A     3E20       0
                text701                             392      392      243      1DC       0
                text700                            1DE0     1DE0       19     3BC0       0
                text699                            1D84     1D84       16     3B08       0
                text698                            1E6F     1E6F       21     3CDE       0
                text697                            1EB4     1EB4       2A     3D68       0
                text696                            1D9A     1D9A       16     3B34       0
                text695                            1D75     1D75        F     3AEA       0
                text694                             7EE      7EE       11      1DC       0
                text693                            1DF9     1DF9       1A     3BF2       0
                maintext                            5D5      5D5      1D2      1DC       0
                cstackBANK0                          52       52       15       20       1
                cstackCOMMON                         70       70        C       70       1
                clrtext                            1D5B     1D5B        8     3AB6       0
                bssBANK1                             A0       A0       12       A0       1
                bssBANK0                             20       20       32       20       1
                bssCOMMON                            7C       7C        2       70       1
                cinit                              1DB0     1DB0       17     3B60       0
                strings                              15       15       D9       2A       0

TOTAL           Name                               Link     Load   Length     Space
        CLASS   CONST          

        CLASS   CODE           
                end_init                             12       12        3         0
                intentry                              4        4        E         0
                reset_vec                             0        0        3         0
                text706_split_1                     8C8      8C8      738         0
                text723                            1003     1003       76         0
                text722                            1D63     1D63        9         0
                text721                            154C     154C      153         0
                text720                            1E13     1E13       1C         0
                text719                            1EDE     1EDE       32         0
                text718                             801      801       C7         0
                text717                            1D6C     1D6C        9         0
                text716                            1F7A     1F7A       86         0
                text715                            1079     1079       86         0
                text714                            10FF     10FF       86         0
                text713                            1E2F     1E2F       1F         0
                text712                            123F     123F       D6         0
                text711                            169F     169F      161         0
                text710                            1423     1423      129         0
                text709                              EE       EE      2A4         0
                text708                            1E90     1E90       24         0
                text707                            1185     1185       BA         0
                text706                            1315     1315      10E         0
                text705                            1E4E     1E4E       21         0
                text704                             7A7      7A7       47         0
                text703                            1DC7     1DC7       19         0
                text702                            1F10     1F10       6A         0
                text701                             392      392      243         0
                text700                            1DE0     1DE0       19         0
                text699                            1D84     1D84       16         0
                text698                            1E6F     1E6F       21         0
                text697                            1EB4     1EB4       2A         0
                text696                            1D9A     1D9A       16         0
                text695                            1D75     1D75        F         0
                text694                             7EE      7EE       11         0
                text693                            1DF9     1DF9       1A         0
                maintext                            5D5      5D5      1D2         0
                clrtext                            1D5B     1D5B        8         0
                cinit                              1DB0     1DB0       17         0

        CLASS   STRCODE        

        CLASS   ENTRY          

        CLASS   STRING         
                strings                              15       15       D9         0

        CLASS   BANK0          
                cstackBANK0                          52       52       15         1
                bssBANK0                             20       20       32         1

        CLASS   BANK1          
                bssBANK1                             A0       A0       12         1

        CLASS   BANK2          

        CLASS   BANK3          

        CLASS   RAM            

        CLASS   ABS1           
                abs_s1                               7E       7E        2         1

        CLASS   COMMON         
                cstackCOMMON                         70       70        C         1
                bssCOMMON                            7C       7C        2         1

        CLASS   SFR0           

        CLASS   SFR1           

        CLASS   SFR2           

        CLASS   SFR3           

        CLASS   CONFIG         
                config                             2007     2007        1         0

        CLASS   IDLOC          

        CLASS   EEDATA         



SEGMENTS        Name                           Load    Length   Top    Selector   Space  Class     Delta

                reset_vec                      000000  000003  000003         0       0  CODE        2
                intentry                       000004  000011  000015         8       0  CODE        2
                bssBANK0                       000020  000047  000067        20       1  BANK0       1
                strings                        000015  0000D9  0000EE        2A       0  STRING      2
                cstackCOMMON                   000070  00000E  00007E        70       1  COMMON      1
                bssBANK1                       0000A0  000012  0000B2        A0       1  BANK1       1
                text709                        0000EE  000711  0007FF       1DC       0  CODE        2
                text718                        000801  0000C7  0008C8      1002       0  CODE        2
                text706_split_1                0008C8  000738  001000      1190       0  CODE        2
                text723                        001003  000076  001079      2006       0  CODE        2
                text715                        001079  000086  0010FF      20F2       0  CODE        2
                text714                        0010FF  000086  001185      21FE       0  CODE        2
                text707                        001185  0000BA  00123F      230A       0  CODE        2
                text712                        00123F  0000D6  001315      247E       0  CODE        2
                text706                        001315  00010E  001423      262A       0  CODE        2
                text710                        001423  000129  00154C      2846       0  CODE        2
                text721                        00154C  000153  00169F      2A98       0  CODE        2
                text711                        00169F  000161  001800      2D3E       0  CODE        2
                clrtext                        001D5B  000008  001D63      3AB6       0  CODE        2
                text722                        001D63  000009  001D6C      3AC6       0  CODE        2
                text717                        001D6C  000009  001D75      3AD8       0  CODE        2
                text695                        001D75  00000F  001D84      3AEA       0  CODE        2
                text699                        001D84  000016  001D9A      3B08       0  CODE        2
                text696                        001D9A  000016  001DB0      3B34       0  CODE        2
                cinit                          001DB0  000017  001DC7      3B60       0  CODE        2
                text703                        001DC7  000019  001DE0      3B8E       0  CODE        2
                text700                        001DE0  000019  001DF9      3BC0       0  CODE        2
                text693                        001DF9  00001A  001E13      3BF2       0  CODE        2
                text720                        001E13  00001C  001E2F      3C26       0  CODE        2
                text713                        001E2F  00001F  001E4E      3C5E       0  CODE        2
                text705                        001E4E  000021  001E6F      3C9C       0  CODE        2
                text698                        001E6F  000021  001E90      3CDE       0  CODE        2
                text708                        001E90  000024  001EB4      3D20       0  CODE        2
                text697                        001EB4  00002A  001EDE      3D68       0  CODE        2
                text719                        001EDE  000032  001F10      3DBC       0  CODE        2
                text702                        001F10  00006A  001F7A      3E20       0  CODE        2
                text716                        001F7A  000086  002000      3EF4       0  CODE        2
                config                         002007  000001  002008      400E       0  CONFIG      2


UNUSED ADDRESS RANGES

        Name                Unused          Largest block    Delta
        BANK0            0067-006F              9           1
        BANK1            00B2-00EF             3E           1
        BANK2            0110-016F             60           1
        BANK3            0190-01EF             60           1
        CODE             0003-0003              1           2
                         07FF-0800              1
                         1000-1002              3
                         1800-1D5A            55B
        CONFIG           2008-2008              1           2
        CONST            0003-0003              1           2
                         07FF-0800              1
                         1000-1002              3
                         1800-1D5A            100
        ENTRY            0003-0003              1           2
                         07FF-0800              1
                         1000-1002              3
                         1800-1D5A            100
        IDLOC            2000-2003              4           2
        RAM              0067-006F              9           1
                         00B2-00EF             3E
                         0110-016F             60
                         0190-01EF             60
        SFR0             0000-001F             20           1
        SFR1             0080-009F             20           1
        SFR2             0100-010F             10           1
        SFR3             0180-018F             10           1
        STRCODE          0003-0003              1           2
                         07FF-0800              2
                         1000-1002              3
                         1800-1D5A            55B
        STRING           0003-0003              1           2
                         07FF-0800              1
                         1000-1002              3
                         1800-1D5A            100

                                  Symbol Table

??_CapInit                cstackBANK0  0056
??_DisplayLEDs            cstackBANK0  0054
??_GetReading             cstackCOMMON 0071
??_Init                   cstackBANK0  0063
??_PIEZO                  cstackBANK0  005A
??_PIEZO_D                cstackBANK0  005A
??_PIEZO_S                cstackBANK0  005A
??_RestartTimer1          cstackBANK0  0052
??_SetNextChannel         cstackCOMMON 0070
??___bmul                 cstackBANK0  0053
??_checkflag              cstackBANK0  0057
??_checkstatus            cstackBANK0  0057
??_delay                  cstackBANK0  0056
??_draw                   cstackBANK0  005A
??_e_pulse                cstackBANK0  005A
??_isr                    cstackCOMMON 0078
??_lcd_clr                cstackBANK0  005B
??_lcd_goto               cstackBANK0  005B
??_lcd_shift              cstackBANK0  005B
??_led_display1           cstackBANK0  0052
??_led_display2           cstackBANK0  0052
??_led_display3           cstackBANK0  0052
??_led_off                cstackBANK0  0054
??_main                   cstackBANK0  0064
??_player_1               cstackBANK0  0057
??_player_2               cstackBANK0  0057
??_send_char              cstackBANK0  005A
??_send_config            cstackBANK0  005A
??_send_string            cstackBANK0  005B
??_store                  cstackBANK0  0052
??_winlose                cstackBANK0  0056
??i1_RestartTimer1        cstackCOMMON 0070
?_CapInit                 cstackCOMMON 0070
?_DisplayLEDs             cstackCOMMON 0070
?_GetReading              cstackCOMMON 0070
?_Init                    cstackCOMMON 0070
?_PIEZO                   cstackCOMMON 0070
?_PIEZO_D                 cstackCOMMON 0070
?_PIEZO_S                 cstackCOMMON 0070
?_RestartTimer1           cstackCOMMON 0070
?_SetNextChannel          cstackCOMMON 0070
?___bmul                  cstackBANK0  0052
?_checkflag               cstackCOMMON 0070
?_checkstatus             cstackCOMMON 0070
?_delay                   cstackBANK0  0052
?_draw                    cstackCOMMON 0070
?_e_pulse                 cstackCOMMON 0070
?_isr                     cstackCOMMON 0070
?_lcd_clr                 cstackCOMMON 0070
?_lcd_goto                cstackCOMMON 0070
?_lcd_shift               cstackCOMMON 0070
?_led_display1            cstackCOMMON 0070
?_led_display2            cstackCOMMON 0070
?_led_display3            cstackCOMMON 0070
?_led_off                 cstackCOMMON 0070
?_main                    cstackCOMMON 0070
?_player_1                cstackCOMMON 0070
?_player_2                cstackCOMMON 0070
?_send_char               cstackCOMMON 0070
?_send_config             cstackCOMMON 0070
?_send_string             cstackCOMMON 0070
?_store                   cstackCOMMON 0070
?_winlose                 cstackCOMMON 0070
?i1_RestartTimer1         cstackCOMMON 0070
CapInit@i                 cstackBANK0  005B
CapInit@j                 cstackBANK0  005D
DisplayLEDs@k             cstackBANK0  0055
_ANSELA                   (abs)        0185
_ANSELB                   (abs)        0186
_ANSELD                   (abs)        0188
_ANSELE                   (abs)        0189
_Buttons                  bssBANK0     0032
_CCP1CON                  (abs)        0017
_CCPR1L                   (abs)        0015
_CPSCON0                  (abs)        0108
_CPSCON1                  (abs)        0109
_CapInit                  text707      1185
_DisplayLEDs              text706      1315
_Flags                    bssBANK0     004D
_GIE                      (abs)        005F
_GetReading               text721      154C
_Init                     text704      07A7
_OSCCON                   (abs)        0090
_PEIE                     (abs)        005E
_PIEZO                    text710      1423
_PIEZO_D                  text709      00EE
_PIEZO_S                  text712      123F
_PORTB                    (abs)        0006
_PORTE                    (abs)        0009
_PR2                      (abs)        0092
_RA0                      (abs)        0028
_RA1                      (abs)        0029
_RA2                      (abs)        002A
_RA3                      (abs)        002B
_RA5                      (abs)        002D
_RA6                      (abs)        002E
_RA7                      (abs)        002F
_RC0                      (abs)        0038
_RC1                      (abs)        0039
_RC3                      (abs)        003B
_RC4                      (abs)        003C
_RC5                      (abs)        003D
_RC6                      (abs)        003E
_RC7                      (abs)        003F
_RE0                      (abs)        0048
_RE1                      (abs)        0049
_RE2                      (abs)        004A
_RestartTimer1            text717      1D6C
_SetNextChannel           text723      1003
_T1CON                    (abs)        0010
_T1GCON                   (abs)        008F
_T2CON                    (abs)        0012
_TMR1GIE                  (abs)        0467
_TMR1GIF                  (abs)        0067
_TMR1H                    (abs)        000F
_TMR1L                    (abs)        000E
_TMR1ON                   (abs)        0080
_TMR2                     (abs)        0011
_TMR2IE                   (abs)        0461
_TMR2IF                   (abs)        0061
_TMR2ON                   (abs)        0092
_TRISA                    (abs)        0085
_TRISB                    (abs)        0086
_TRISC                    (abs)        0087
_TRISD                    (abs)        0088
_TRISE                    (abs)        0089
__Habs1                   abs1         0000
__Hbank0                  bank0        0000
__Hbank1                  bank1        0000
__Hbank2                  bank2        0000
__Hbank3                  bank3        0000
__HbssBANK0               bssBANK0     0000
__HbssBANK1               bssBANK1     0000
__HbssCOMMON              bssCOMMON    0000
__Hcinit                  cinit        0000
__Hclrtext                clrtext      0000
__Hcode                   code         0000
__Hcommon                 common       0000
__Hconfig                 config       2008
__HcstackBANK0            cstackBANK0  0000
__HcstackCOMMON           cstackCOMMON 0000
__Heeprom_data            eeprom_data  0000
__Hend_init               end_init     0015
__Hfunctab                functab      0000
__Hidloc                  idloc        0000
__Hinit                   init         0012
__Hintentry               intentry     0012
__Hmaintext               maintext     0000
__Hpowerup                powerup      0000
__Hram                    ram          0000
__Hreset_vec              reset_vec    0003
__Hsfr0                   sfr0         0000
__Hsfr1                   sfr1         0000
__Hsfr2                   sfr2         0000
__Hsfr3                   sfr3         0000
__Hstrings                strings      0000
__Htext                   text         0000
__Labs1                   abs1         0000
__Lbank0                  bank0        0000
__Lbank1                  bank1        0000
__Lbank2                  bank2        0000
__Lbank3                  bank3        0000
__LbssBANK0               bssBANK0     0000
__LbssBANK1               bssBANK1     0000
__LbssCOMMON              bssCOMMON    0000
__Lcinit                  cinit        0000
__Lclrtext                clrtext      0000
__Lcode                   code         0000
__Lcommon                 common       0000
__Lconfig                 config       2007
__LcstackBANK0            cstackBANK0  0000
__LcstackCOMMON           cstackCOMMON 0000
__Leeprom_data            eeprom_data  0000
__Lend_init               end_init     0012
__Lfunctab                functab      0000
__Lidloc                  idloc        0000
__Linit                   init         0012
__Lintentry               intentry     0004
__Lmaintext               maintext     0000
__Lpowerup                powerup      0000
__Lram                    ram          0000
__Lreset_vec              reset_vec    0000
__Lsfr0                   sfr0         0000
__Lsfr1                   sfr1         0000
__Lsfr2                   sfr2         0000
__Lsfr3                   sfr3         0000
__Lstrings                strings      0000
__Ltext                   text         0000
__S0                      (abs)        2008
__S1                      (abs)        00B2
___bmul                   text713      1E2F
___bmul@multiplicand      cstackBANK0  0052
___bmul@multiplier        cstackBANK0  0055
___bmul@product           cstackBANK0  0054
__end_of_CapInit          text707      123F
__end_of_DisplayLEDs      text706_split_1 1000
__end_of_GetReading       text721      169F
__end_of_Init             text704      07EE
__end_of_PIEZO            text710      154C
__end_of_PIEZO_D          text709      0392
__end_of_PIEZO_S          text712      1315
__end_of_RestartTimer1    text717      1D75
__end_of_SetNextChannel   text723      1079
__end_of___bmul           text713      1E4E
__end_of_checkflag        text693      1E13
__end_of_checkstatus      text701      05D5
__end_of_delay            text719      1F10
__end_of_draw             text702      1F7A
__end_of_e_pulse          text705      1E6F
__end_of_isr              text720      1E2F
__end_of_lcd_clr          text699      1D9A
__end_of_lcd_goto         text698      1E90
__end_of_lcd_shift        text696      1DB0
__end_of_led_display1     text716      2000
__end_of_led_display2     text715      10FF
__end_of_led_display3     text714      1185
__end_of_led_off          text708      1EB4
__end_of_main             maintext     07A7
__end_of_player_1         text695      1D84
__end_of_player_2         text694      07FF
__end_of_send_char        text700      1DF9
__end_of_send_config      text703      1DE0
__end_of_send_string      text697      1EDE
__end_of_store            text718      08C8
__end_of_winlose          text711      1800
__end_ofi1_RestartTimer1  text722      1D6C
__pbssBANK0               bssBANK0     0020
__pbssBANK1               bssBANK1     00A0
__pbssCOMMON              bssCOMMON    007C
__pcstackBANK0            cstackBANK0  0052
__pcstackCOMMON           cstackCOMMON 0070
__pintentry               intentry     0004
__pmaintext               maintext     05D5
__pstrings                strings      0015
__ptext692                text692      0000
__ptext693                text693      1DF9
__ptext694                text694      07EE
__ptext695                text695      1D75
__ptext696                text696      1D9A
__ptext697                text697      1EB4
__ptext698                text698      1E6F
__ptext699                text699      1D84
__ptext700                text700      1DE0
__ptext701                text701      0392
__ptext702                text702      1F10
__ptext703                text703      1DC7
__ptext704                text704      07A7
__ptext705                text705      1E4E
__ptext706                text706      1315
__ptext707                text707      1185
__ptext708                text708      1E90
__ptext709                text709      00EE
__ptext710                text710      1423
__ptext711                text711      169F
__ptext712                text712      123F
__ptext713                text713      1E2F
__ptext714                text714      10FF
__ptext715                text715      1079
__ptext716                text716      1F7A
__ptext717                text717      1D6C
__ptext718                text718      0801
__ptext719                text719      1EDE
__ptext720                text720      1E13
__ptext721                text721      154C
__ptext722                text722      1D63
__ptext723                text723      1003
__ptext724                text724      0000
__size_of_CapInit         (abs)        0000
__size_of_DisplayLEDs     (abs)        0000
__size_of_GetReading      (abs)        0000
__size_of_Init            (abs)        0000
__size_of_PIEZO           (abs)        0000
__size_of_PIEZO_D         (abs)        0000
__size_of_PIEZO_S         (abs)        0000
__size_of_RestartTimer1   (abs)        0000
__size_of_SetNextChannel  (abs)        0000
__size_of___bmul          (abs)        0000
__size_of_checkflag       (abs)        0000
__size_of_checkstatus     (abs)        0000
__size_of_delay           (abs)        0000
__size_of_draw            (abs)        0000
__size_of_e_pulse         (abs)        0000
__size_of_isr             (abs)        0000
__size_of_lcd_clr         (abs)        0000
__size_of_lcd_goto        (abs)        0000
__size_of_lcd_shift       (abs)        0000
__size_of_led_display1    (abs)        0000
__size_of_led_display2    (abs)        0000
__size_of_led_display3    (abs)        0000
__size_of_led_off         (abs)        0000
__size_of_main            (abs)        0000
__size_of_player_1        (abs)        0000
__size_of_player_2        (abs)        0000
__size_of_send_char       (abs)        0000
__size_of_send_config     (abs)        0000
__size_of_send_string     (abs)        0000
__size_of_store           (abs)        0000
__size_of_winlose         (abs)        0000
__size_ofi1_RestartTimer1 (abs)        0000
_average                  bssBANK0     0020
_bigval                   bssCOMMON    007C
_checkflag                text693      1DF9
_checkstatus              text701      0392
_data                     bssBANK0     004E
_delay                    text719      1EDE
_draw                     text702      1F10
_e_pulse                  text705      1E4E
_exit                     init         0012
_flag                     bssBANK0     004F
_index                    bssBANK0     0050
_isr                      text720      1E13
_lcd_clr                  text699      1D84
_lcd_goto                 text698      1E6F
_lcd_shift                text696      1D9A
_led_display1             text716      1F7A
_led_display2             text715      1079
_led_display3             text714      10FF
_led_off                  text708      1E90
_main                     maintext     05D5
_matrix                   bssBANK0     003B
_player_1                 text695      1D75
_player_2                 text694      07EE
_reading                  bssBANK1     00A0
_result                   bssBANK0     0051
_result1                  bssBANK0     0044
_send_char                text700      1DE0
_send_config              text703      1DC7
_send_string              text697      1EB4
_smallavg                 bssBANK0     0047
_store                    text718      0801
_threshold                bssBANK0     0049
_threshold4               bssBANK0     004B
_winlose                  text711      169F
btemp                     (abs)        007E
clear_ram                 clrtext      1D5B
delay@data                cstackBANK0  0052
end_of_initialization     cinit        1DC3
i1_RestartTimer1          text722      1D63
interrupt_function        intentry     0004
intlevel0                 functab      0000
intlevel1                 functab      0000
intlevel2                 functab      0000
intlevel3                 functab      0000
intlevel4                 functab      0000
intlevel5                 functab      0000
lcd_goto@data             cstackBANK0  005C
led_display1@value1       cstackBANK0  0053
led_display2@value2       cstackBANK0  0053
led_display3@value3       cstackBANK0  0053
main@i                    cstackBANK0  0065
reset_vec                 reset_vec    0000
saved_w                   (abs)        007E
send_char@data            cstackBANK0  005A
send_config@data          cstackBANK0  005A
send_string@s             cstackBANK0  005C
start                     init         0012
start_initialization      cinit        1DB0
winlose@flag_w            cstackBANK0  005C
winlose@i_568             cstackBANK0  0061
winlose@i_569             cstackBANK0  005D
winlose@j_570             cstackBANK0  005F
winlose@status            cstackBANK0  005A
wtemp0                    (abs)        007E
